<html>
<body>
<pre>
<h1>µVision Build Log</h1>
<h2>Project:</h2>
E:\github\SchedulerOS\Lesson010\lesson010.uvproj
Project File Date:  12/02/2022

<h2>Output:</h2>
Rebuild target 'Target 1'
compiling main.c...
assembling CIU98M25_Startup.s...
linking...
Program Size: Code=420 RO-data=144 RW-data=4 ZI-data=5220  
FromELF: creating hex file...
".\lesson010.axf" - 0 Error(s), 0 Warning(s).
</pre>
</body>
</html>
rOS\\Lesson010\\lesson010.axf" 
Full Chip Erase Done.
Programming Done.
Verify OK.
Application running...
ancelled
Connect Failed !
Error: Flash Erase failed  -  Target DLL has been cancelled
