ARM Linker, 5.03 [Build 76] [MDK-ARM Lite]

==============================================================================

Section Cross References

    startup.o(STACK) refers (Special) to heapauxi.o(.text) for __use_two_region_memory
    startup.o(HEAP) refers (Special) to heapauxi.o(.text) for __use_two_region_memory
    startup.o(RESET) refers (Special) to heapauxi.o(.text) for __use_two_region_memory
    startup.o(RESET) refers to startup.o(STACK) for __initial_sp
    startup.o(RESET) refers to startup.o(.text) for Reset_Handler
    startup.o(.text) refers (Special) to heapauxi.o(.text) for __use_two_region_memory
    startup.o(.text) refers to __main.o(!!!main) for __main
    startup.o(.text) refers to startup.o(HEAP) for Heap_Mem
    startup.o(.text) refers to startup.o(STACK) for Stack_Mem
    main.o(.text) refers to ciu98428f_api_nvm_stability.o(.text) for closeWrSwitch
    main.o(.text) refers to ciu98428f_api_base_nonvm.o(.text) for HED_T0_SendNBytes
    main.o(.text) refers to demo_subfunc.o(.text) for DEMOCOS_PPS
    main.o(.text) refers to demo_apdu.o(.text) for DemoCos_APDU_Dispatch
    main.o(.text) refers to main.o(.data) for G_FiDi
    main.o(.text) refers to main.o(.bss) for G_APDUBuf
    demo_apdu.o(.text) refers to rt_memcpy.o(.emb_text) for __aeabi_memcpy4
    demo_apdu.o(.text) refers to c98c420n_api_des.o(.text) for HED_DESBlock
    demo_apdu.o(.text) refers to memcmp.o(.text) for memcmp
    demo_apdu.o(.text) refers to ciu98428f_api_base_nonvm.o(.text) for HED_CRC16
    demo_apdu.o(.text) refers to demo_subfunc.o(.text) for DemoCos_SendINS
    demo_apdu.o(.text) refers to ciu98428f_api_nvm_stability.o(.text) for HED_FlashErasePage_St
    demo_apdu.o(.text) refers to main.o(.data) for G_SW1SW2
    demo_apdu.o(.text) refers to main.o(.bss) for G_APDUBuf
    demo_apdu.o(.text) refers to demo_apdu.o(.constdata) for CMD_INSList
    demo_apdu.o(.constdata) refers to demo_apdu.o(.text) for cmd_Symmetry_ALG
    demo_subfunc.o(.text) refers to ciu98428f_api_base_nonvm.o(.text) for HED_T0_ReceiveNBytesRam
    demo_subfunc.o(.text) refers to main.o(.bss) for G_APDUBuf
    demo_subfunc.o(.text) refers to demo_subfunc.o(.constdata) for FD_table
    ciu98428f_api_nvm_stability.o(.text) refers to startup.o(.text) for Reset_Handler
    ciu98428f_api_nvm_stability.o(.text) refers to ciu98428f_nvm_stability.o(SETSYSNVMMODE) for setWrMode
    ciu98428f_api_nvm_stability.o(.text) refers to ciu98428f_api_nvm_stability.o(.data) for G_fCData1
    ciu98428f_nvm_stability.o(SETSYSNVMMODE) refers to ciu98428f_api_nvm_stability.o(.text) for chkWrSwitch
    rt_memcpy.o(.text) refers to rt_memcpy.o(.emb_text) for __aeabi_memcpy4
    __main.o(!!!main) refers to rtentry.o(.ARM.Collect$$rtentry$$00000000) for __rt_entry
    rtentry.o(.ARM.Collect$$rtentry$$00000000) refers (Special) to rtentry2.o(.ARM.Collect$$rtentry$$0000000A) for __rt_entry_li
    rtentry.o(.ARM.Collect$$rtentry$$00000000) refers (Special) to rtentry2.o(.ARM.Collect$$rtentry$$0000000D) for __rt_entry_main
    rtentry.o(.ARM.Collect$$rtentry$$00000000) refers (Special) to rtentry2.o(.ARM.Collect$$rtentry$$0000000C) for __rt_entry_postli_1
    rtentry.o(.ARM.Collect$$rtentry$$00000000) refers (Special) to rtentry2.o(.ARM.Collect$$rtentry$$00000009) for __rt_entry_postsh_1
    rtentry.o(.ARM.Collect$$rtentry$$00000000) refers (Special) to rtentry2.o(.ARM.Collect$$rtentry$$00000002) for __rt_entry_presh_1
    rtentry.o(.ARM.Collect$$rtentry$$00000000) refers (Special) to rtentry4.o(.ARM.Collect$$rtentry$$00000004) for __rt_entry_sh
    rtentry2.o(.ARM.Collect$$rtentry$$00000008) refers to boardinit2.o(.text) for _platform_post_stackheap_init
    rtentry2.o(.ARM.Collect$$rtentry$$0000000A) refers to libinit.o(.ARM.Collect$$libinit$$00000000) for __rt_lib_init
    rtentry2.o(.ARM.Collect$$rtentry$$0000000B) refers to boardinit3.o(.text) for _platform_post_lib_init
    rtentry2.o(.ARM.Collect$$rtentry$$0000000D) refers to main.o(.text) for main
    rtentry2.o(.ARM.Collect$$rtentry$$0000000D) refers to exit.o(.text) for exit
    rtentry2.o(.ARM.exidx) refers to rtentry2.o(.ARM.Collect$$rtentry$$00000001) for .ARM.Collect$$rtentry$$00000001
    rtentry2.o(.ARM.exidx) refers to rtentry2.o(.ARM.Collect$$rtentry$$00000008) for .ARM.Collect$$rtentry$$00000008
    rtentry2.o(.ARM.exidx) refers to rtentry2.o(.ARM.Collect$$rtentry$$0000000A) for .ARM.Collect$$rtentry$$0000000A
    rtentry2.o(.ARM.exidx) refers to rtentry2.o(.ARM.Collect$$rtentry$$0000000B) for .ARM.Collect$$rtentry$$0000000B
    rtentry2.o(.ARM.exidx) refers to rtentry2.o(.ARM.Collect$$rtentry$$0000000D) for .ARM.Collect$$rtentry$$0000000D
    rtentry4.o(.ARM.Collect$$rtentry$$00000004) refers to sys_stackheap_outer.o(.text) for __user_setup_stackheap
    rtentry4.o(.ARM.exidx) refers to rtentry4.o(.ARM.Collect$$rtentry$$00000004) for .ARM.Collect$$rtentry$$00000004
    sys_stackheap_outer.o(.text) refers to libspace.o(.text) for __user_perproc_libspace
    sys_stackheap_outer.o(.text) refers to startup.o(.text) for __user_initial_stackheap
    sys_stackheap_outer.o(__vectab_stack_and_reset_area) refers to tempstk.o(.text) for __temporary_stack_top
    sys_stackheap_outer.o(__vectab_stack_and_reset_area) refers to __main.o(!!!main) for __main
    exit.o(.text) refers to rtexit.o(.ARM.Collect$$rtexit$$00000000) for __rt_exit
    libinit.o(.ARM.Collect$$libinit$$00000000) refers (Special) to libinit2.o(.ARM.Collect$$libinit$$0000002C) for __rt_lib_init_alloca_1
    libinit.o(.ARM.Collect$$libinit$$00000000) refers (Special) to libinit2.o(.ARM.Collect$$libinit$$0000002A) for __rt_lib_init_argv_1
    libinit.o(.ARM.Collect$$libinit$$00000000) refers (Special) to libinit2.o(.ARM.Collect$$libinit$$00000019) for __rt_lib_init_atexit_1
    libinit.o(.ARM.Collect$$libinit$$00000000) refers (Special) to libinit2.o(.ARM.Collect$$libinit$$0000001F) for __rt_lib_init_clock_1
    libinit.o(.ARM.Collect$$libinit$$00000000) refers (Special) to libinit2.o(.ARM.Collect$$libinit$$00000030) for __rt_lib_init_cpp_1
    libinit.o(.ARM.Collect$$libinit$$00000000) refers (Special) to libinit2.o(.ARM.Collect$$libinit$$0000002E) for __rt_lib_init_exceptions_1
    libinit.o(.ARM.Collect$$libinit$$00000000) refers (Special) to libinit2.o(.ARM.Collect$$libinit$$00000001) for __rt_lib_init_fp_1
    libinit.o(.ARM.Collect$$libinit$$00000000) refers (Special) to libinit2.o(.ARM.Collect$$libinit$$0000001D) for __rt_lib_init_fp_trap_1
    libinit.o(.ARM.Collect$$libinit$$00000000) refers (Special) to libinit2.o(.ARM.Collect$$libinit$$00000021) for __rt_lib_init_getenv_1
    libinit.o(.ARM.Collect$$libinit$$00000000) refers (Special) to libinit2.o(.ARM.Collect$$libinit$$00000008) for __rt_lib_init_heap_1
    libinit.o(.ARM.Collect$$libinit$$00000000) refers (Special) to libinit2.o(.ARM.Collect$$libinit$$0000000F) for __rt_lib_init_lc_collate_1
    libinit.o(.ARM.Collect$$libinit$$00000000) refers (Special) to libinit2.o(.ARM.Collect$$libinit$$00000011) for __rt_lib_init_lc_ctype_1
    libinit.o(.ARM.Collect$$libinit$$00000000) refers (Special) to libinit2.o(.ARM.Collect$$libinit$$00000013) for __rt_lib_init_lc_monetary_1
    libinit.o(.ARM.Collect$$libinit$$00000000) refers (Special) to libinit2.o(.ARM.Collect$$libinit$$00000015) for __rt_lib_init_lc_numeric_1
    libinit.o(.ARM.Collect$$libinit$$00000000) refers (Special) to libinit2.o(.ARM.Collect$$libinit$$00000017) for __rt_lib_init_lc_time_1
    libinit.o(.ARM.Collect$$libinit$$00000000) refers (Special) to libinit2.o(.ARM.Collect$$libinit$$0000000C) for __rt_lib_init_rand_1
    libinit.o(.ARM.Collect$$libinit$$00000000) refers (Special) to libinit2.o(.ARM.Collect$$libinit$$00000031) for __rt_lib_init_return
    libinit.o(.ARM.Collect$$libinit$$00000000) refers (Special) to libinit2.o(.ARM.Collect$$libinit$$0000001B) for __rt_lib_init_signal_1
    libinit.o(.ARM.Collect$$libinit$$00000000) refers (Special) to libinit2.o(.ARM.Collect$$libinit$$00000023) for __rt_lib_init_stdio_1
    libinit.o(.ARM.Collect$$libinit$$00000000) refers (Special) to libinit2.o(.ARM.Collect$$libinit$$0000000A) for __rt_lib_init_user_alloc_1
    libspace.o(.text) refers to libspace.o(.bss) for __libspace_start
    rtexit.o(.ARM.Collect$$rtexit$$00000000) refers (Special) to rtexit2.o(.ARM.Collect$$rtexit$$00000004) for __rt_exit_exit
    rtexit.o(.ARM.Collect$$rtexit$$00000000) refers (Special) to rtexit2.o(.ARM.Collect$$rtexit$$00000003) for __rt_exit_ls
    rtexit.o(.ARM.Collect$$rtexit$$00000000) refers (Special) to rtexit2.o(.ARM.Collect$$rtexit$$00000002) for __rt_exit_prels_1
    rtexit.o(.ARM.exidx) refers (Special) to rtexit2.o(.ARM.Collect$$rtexit$$00000004) for __rt_exit_exit
    rtexit.o(.ARM.exidx) refers (Special) to rtexit2.o(.ARM.Collect$$rtexit$$00000003) for __rt_exit_ls
    rtexit.o(.ARM.exidx) refers (Special) to rtexit2.o(.ARM.Collect$$rtexit$$00000002) for __rt_exit_prels_1
    rtexit.o(.ARM.exidx) refers to rtexit.o(.ARM.Collect$$rtexit$$00000000) for .ARM.Collect$$rtexit$$00000000
    libinit2.o(.ARM.Collect$$libinit$$0000000E) refers to libinit2.o(.ARM.Collect$$libinit$$0000000D) for .ARM.Collect$$libinit$$0000000D
    libinit2.o(.ARM.Collect$$libinit$$00000010) refers to libinit2.o(.ARM.Collect$$libinit$$0000000D) for .ARM.Collect$$libinit$$0000000D
    libinit2.o(.ARM.Collect$$libinit$$00000012) refers to libinit2.o(.ARM.Collect$$libinit$$0000000D) for .ARM.Collect$$libinit$$0000000D
    libinit2.o(.ARM.Collect$$libinit$$00000014) refers to libinit2.o(.ARM.Collect$$libinit$$0000000D) for .ARM.Collect$$libinit$$0000000D
    libinit2.o(.ARM.Collect$$libinit$$00000016) refers to libinit2.o(.ARM.Collect$$libinit$$0000000D) for .ARM.Collect$$libinit$$0000000D
    libinit2.o(.ARM.Collect$$libinit$$00000024) refers to argv_veneer.o(.text) for __ARM_argv_veneer
    libinit2.o(.ARM.Collect$$libinit$$00000025) refers to argv_veneer.o(.text) for __ARM_argv_veneer
    rtexit2.o(.ARM.Collect$$rtexit$$00000003) refers to libshutdown.o(.ARM.Collect$$libshutdown$$00000000) for __rt_lib_shutdown
    rtexit2.o(.ARM.Collect$$rtexit$$00000004) refers to sys_exit.o(.text) for _sys_exit
    rtexit2.o(.ARM.exidx) refers to rtexit2.o(.ARM.Collect$$rtexit$$00000001) for .ARM.Collect$$rtexit$$00000001
    rtexit2.o(.ARM.exidx) refers to rtexit2.o(.ARM.Collect$$rtexit$$00000003) for .ARM.Collect$$rtexit$$00000003
    rtexit2.o(.ARM.exidx) refers to rtexit2.o(.ARM.Collect$$rtexit$$00000004) for .ARM.Collect$$rtexit$$00000004
    sys_exit.o(.text) refers (Special) to use_no_semi.o(.text) for __I$use$semihosting
    sys_exit.o(.text) refers (Special) to indicate_semi.o(.text) for __semihosting_library_function
    _get_argv_nomalloc.o(.text) refers (Special) to hrguard.o(.text) for __heap_region$guard
    _get_argv_nomalloc.o(.text) refers to defsig_rtmem_outer.o(.text) for __rt_SIGRTMEM
    _get_argv_nomalloc.o(.text) refers to sys_command.o(.text) for _sys_command_string
    libshutdown.o(.ARM.Collect$$libshutdown$$00000000) refers (Special) to libshutdown2.o(.ARM.Collect$$libshutdown$$00000006) for __rt_lib_shutdown_fp_trap_1
    libshutdown.o(.ARM.Collect$$libshutdown$$00000000) refers (Special) to libshutdown2.o(.ARM.Collect$$libshutdown$$0000000E) for __rt_lib_shutdown_heap_1
    libshutdown.o(.ARM.Collect$$libshutdown$$00000000) refers (Special) to libshutdown2.o(.ARM.Collect$$libshutdown$$0000000F) for __rt_lib_shutdown_return
    libshutdown.o(.ARM.Collect$$libshutdown$$00000000) refers (Special) to libshutdown2.o(.ARM.Collect$$libshutdown$$00000009) for __rt_lib_shutdown_signal_1
    libshutdown.o(.ARM.Collect$$libshutdown$$00000000) refers (Special) to libshutdown2.o(.ARM.Collect$$libshutdown$$00000003) for __rt_lib_shutdown_stdio_1
    libshutdown.o(.ARM.Collect$$libshutdown$$00000000) refers (Special) to libshutdown2.o(.ARM.Collect$$libshutdown$$0000000B) for __rt_lib_shutdown_user_alloc_1
    sys_command.o(.text) refers (Special) to use_no_semi.o(.text) for __I$use$semihosting
    sys_command.o(.text) refers (Special) to indicate_semi.o(.text) for __semihosting_library_function
    defsig_rtmem_outer.o(.text) refers to defsig_rtmem_inner.o(.text) for __rt_SIGRTMEM_inner
    defsig_rtmem_outer.o(.text) refers to defsig_exit.o(.text) for __sig_exit
    defsig_rtmem_formal.o(.text) refers to rt_raise.o(.text) for __rt_raise
    rt_raise.o(.text) refers to __raise.o(.text) for __raise
    rt_raise.o(.text) refers to sys_exit.o(.text) for _sys_exit
    defsig_exit.o(.text) refers to sys_exit.o(.text) for _sys_exit
    defsig_rtmem_inner.o(.text) refers to defsig_general.o(.text) for __default_signal_display
    __raise.o(.text) refers to defsig.o(CL$$defsig) for __default_signal_handler
    defsig_general.o(.text) refers to sys_wrch.o(.text) for _ttywrch
    sys_wrch.o(.text) refers (Special) to use_no_semi.o(.text) for __I$use$semihosting
    sys_wrch.o(.text) refers (Special) to indicate_semi.o(.text) for __semihosting_library_function
    defsig.o(CL$$defsig) refers to defsig_rtmem_inner.o(.text) for __rt_SIGRTMEM_inner
    defsig_abrt_inner.o(.text) refers to defsig_general.o(.text) for __default_signal_display
    defsig_fpe_inner.o(.text) refers to defsig_general.o(.text) for __default_signal_display
    defsig_rtred_inner.o(.text) refers to defsig_general.o(.text) for __default_signal_display
    defsig_stak_inner.o(.text) refers to defsig_general.o(.text) for __default_signal_display
    defsig_pvfn_inner.o(.text) refers to defsig_general.o(.text) for __default_signal_display
    defsig_cppl_inner.o(.text) refers to defsig_general.o(.text) for __default_signal_display
    defsig_segv_inner.o(.text) refers to defsig_general.o(.text) for __default_signal_display
    defsig_other.o(.text) refers to defsig_general.o(.text) for __default_signal_display


==============================================================================

Removing Unused input sections from the image.

    Removing ciu98428f_api_base_nonvm.o(.emb_text), (6 bytes).

1 unused section(s) (total 6 bytes) removed from the image.

==============================================================================

Image Symbol Table

    Local Symbols

    Symbol Name                              Value     Ov Type        Size  Object(Section)

    RESET                                    0x00000000   Section      512  startup.o(RESET)
    ../clib/angel/boardlib.s                 0x00000000   Number         0  boardshut.o ABSOLUTE
    ../clib/angel/boardlib.s                 0x00000000   Number         0  boardinit1.o ABSOLUTE
    ../clib/angel/boardlib.s                 0x00000000   Number         0  boardinit2.o ABSOLUTE
    ../clib/angel/boardlib.s                 0x00000000   Number         0  boardinit3.o ABSOLUTE
    ../clib/angel/handlers.s                 0x00000000   Number         0  __scatter_copy.o ABSOLUTE
    ../clib/angel/kernel.s                   0x00000000   Number         0  rtexit2.o ABSOLUTE
    ../clib/angel/kernel.s                   0x00000000   Number         0  rtexit.o ABSOLUTE
    ../clib/angel/kernel.s                   0x00000000   Number         0  rtentry.o ABSOLUTE
    ../clib/angel/kernel.s                   0x00000000   Number         0  rtentry2.o ABSOLUTE
    ../clib/angel/kernel.s                   0x00000000   Number         0  rtentry4.o ABSOLUTE
    ../clib/angel/rt.s                       0x00000000   Number         0  rt_raise.o ABSOLUTE
    ../clib/angel/scatterp.s                 0x00000000   Number         0  __scatter.o ABSOLUTE
    ../clib/angel/startup.s                  0x00000000   Number         0  __main.o ABSOLUTE
    ../clib/angel/sys.s                      0x00000000   Number         0  libspace.o ABSOLUTE
    ../clib/angel/sys.s                      0x00000000   Number         0  use_no_semi.o ABSOLUTE
    ../clib/angel/sys.s                      0x00000000   Number         0  tempstk.o ABSOLUTE
    ../clib/angel/sys.s                      0x00000000   Number         0  indicate_semi.o ABSOLUTE
    ../clib/angel/sys.s                      0x00000000   Number         0  sys_stackheap_outer.o ABSOLUTE
    ../clib/angel/sysapp.c                   0x00000000   Number         0  sys_exit.o ABSOLUTE
    ../clib/angel/sysapp.c                   0x00000000   Number         0  sys_wrch.o ABSOLUTE
    ../clib/angel/sysapp.c                   0x00000000   Number         0  sys_command.o ABSOLUTE
    ../clib/armsys.c                         0x00000000   Number         0  no_argv.o ABSOLUTE
    ../clib/armsys.c                         0x00000000   Number         0  argv_veneer.o ABSOLUTE
    ../clib/armsys.c                         0x00000000   Number         0  _get_argv_nomalloc.o ABSOLUTE
    ../clib/heapalloc.c                      0x00000000   Number         0  hrguard.o ABSOLUTE
    ../clib/heapaux.c                        0x00000000   Number         0  heapauxi.o ABSOLUTE
    ../clib/libinit.s                        0x00000000   Number         0  libinit2.o ABSOLUTE
    ../clib/libinit.s                        0x00000000   Number         0  libshutdown.o ABSOLUTE
    ../clib/libinit.s                        0x00000000   Number         0  libshutdown2.o ABSOLUTE
    ../clib/libinit.s                        0x00000000   Number         0  libinit.o ABSOLUTE
    ../clib/memcpset.c                       0x00000000   Number         0  rt_memcpy.o ABSOLUTE
    ../clib/memcpset.c                       0x00000000   Number         0  rt_memcpy.o ABSOLUTE
    ../clib/signal.c                         0x00000000   Number         0  defsig_rtmem_formal.o ABSOLUTE
    ../clib/signal.c                         0x00000000   Number         0  defsig_rtmem_outer.o ABSOLUTE
    ../clib/signal.c                         0x00000000   Number         0  defsig_other.o ABSOLUTE
    ../clib/signal.c                         0x00000000   Number         0  defsig_cppl_inner.o ABSOLUTE
    ../clib/signal.c                         0x00000000   Number         0  defsig_rtmem_inner.o ABSOLUTE
    ../clib/signal.c                         0x00000000   Number         0  defsig_pvfn_inner.o ABSOLUTE
    ../clib/signal.c                         0x00000000   Number         0  defsig_stak_inner.o ABSOLUTE
    ../clib/signal.c                         0x00000000   Number         0  defsig_fpe_inner.o ABSOLUTE
    ../clib/signal.c                         0x00000000   Number         0  defsig_rtred_inner.o ABSOLUTE
    ../clib/signal.c                         0x00000000   Number         0  defsig_abrt_inner.o ABSOLUTE
    ../clib/signal.c                         0x00000000   Number         0  defsig_segv_inner.o ABSOLUTE
    ../clib/signal.c                         0x00000000   Number         0  __raise.o ABSOLUTE
    ../clib/signal.c                         0x00000000   Number         0  defsig_exit.o ABSOLUTE
    ../clib/signal.c                         0x00000000   Number         0  defsig_general.o ABSOLUTE
    ../clib/signal.s                         0x00000000   Number         0  defsig.o ABSOLUTE
    ../clib/stdlib.c                         0x00000000   Number         0  exit.o ABSOLUTE
    ../clib/string.c                         0x00000000   Number         0  memcmp.o ABSOLUTE
    ../fplib/cfplib/fpinit.c                 0x00000000   Number         0  fpinit.o ABSOLUTE
    ..\src\SEC\C98C420N_API_DES.c            0x00000000   Number         0  c98c420n_api_des.o ABSOLUTE
    API\CIU98428F_API_Base_NoNVM.c           0x00000000   Number         0  ciu98428f_api_base_nonvm.o ABSOLUTE
    API\CIU98428F_API_NVM_STABILITY.c        0x00000000   Number         0  ciu98428f_api_nvm_stability.o ABSOLUTE
    API\CIU98428F_NVM_stability.s            0x00000000   Number         0  ciu98428f_nvm_stability.o ABSOLUTE
    API\\CIU98428F_API_Base_NoNVM.c          0x00000000   Number         0  ciu98428f_api_base_nonvm.o ABSOLUTE
    SRC\DEMO_APDU.c                          0x00000000   Number         0  demo_apdu.o ABSOLUTE
    SRC\DEMO_SubFunc.c                       0x00000000   Number         0  demo_subfunc.o ABSOLUTE
    SRC\main.c                               0x00000000   Number         0  main.o ABSOLUTE
    SRC\startup.s                            0x00000000   Number         0  startup.o ABSOLUTE
    dc.s                                     0x00000000   Number         0  dc.o ABSOLUTE
    !!!main                                  0x00000200   Section        8  __main.o(!!!main)
    !!!scatter                               0x00000208   Section       60  __scatter.o(!!!scatter)
    !!handler_copy                           0x00000244   Section       26  __scatter_copy.o(!!handler_copy)
    .ARM.Collect$$libinit$$00000000          0x0000025e   Section        2  libinit.o(.ARM.Collect$$libinit$$00000000)
    .ARM.Collect$$libinit$$00000001          0x00000260   Section        4  libinit2.o(.ARM.Collect$$libinit$$00000001)
    .ARM.Collect$$libinit$$00000008          0x00000264   Section        0  libinit2.o(.ARM.Collect$$libinit$$00000008)
    .ARM.Collect$$libinit$$0000000A          0x00000264   Section        0  libinit2.o(.ARM.Collect$$libinit$$0000000A)
    .ARM.Collect$$libinit$$0000000C          0x00000264   Section        0  libinit2.o(.ARM.Collect$$libinit$$0000000C)
    .ARM.Collect$$libinit$$0000000F          0x00000264   Section        0  libinit2.o(.ARM.Collect$$libinit$$0000000F)
    .ARM.Collect$$libinit$$00000011          0x00000264   Section        0  libinit2.o(.ARM.Collect$$libinit$$00000011)
    .ARM.Collect$$libinit$$00000013          0x00000264   Section        0  libinit2.o(.ARM.Collect$$libinit$$00000013)
    .ARM.Collect$$libinit$$00000015          0x00000264   Section        0  libinit2.o(.ARM.Collect$$libinit$$00000015)
    .ARM.Collect$$libinit$$00000017          0x00000264   Section        0  libinit2.o(.ARM.Collect$$libinit$$00000017)
    .ARM.Collect$$libinit$$00000019          0x00000264   Section        0  libinit2.o(.ARM.Collect$$libinit$$00000019)
    .ARM.Collect$$libinit$$0000001B          0x00000264   Section        0  libinit2.o(.ARM.Collect$$libinit$$0000001B)
    .ARM.Collect$$libinit$$0000001D          0x00000264   Section        0  libinit2.o(.ARM.Collect$$libinit$$0000001D)
    .ARM.Collect$$libinit$$0000001F          0x00000264   Section        0  libinit2.o(.ARM.Collect$$libinit$$0000001F)
    .ARM.Collect$$libinit$$00000021          0x00000264   Section        0  libinit2.o(.ARM.Collect$$libinit$$00000021)
    .ARM.Collect$$libinit$$00000023          0x00000264   Section        0  libinit2.o(.ARM.Collect$$libinit$$00000023)
    .ARM.Collect$$libinit$$0000002A          0x00000264   Section        0  libinit2.o(.ARM.Collect$$libinit$$0000002A)
    .ARM.Collect$$libinit$$0000002C          0x00000264   Section        0  libinit2.o(.ARM.Collect$$libinit$$0000002C)
    .ARM.Collect$$libinit$$0000002E          0x00000264   Section        0  libinit2.o(.ARM.Collect$$libinit$$0000002E)
    .ARM.Collect$$libinit$$00000030          0x00000264   Section        0  libinit2.o(.ARM.Collect$$libinit$$00000030)
    .ARM.Collect$$libinit$$00000031          0x00000264   Section        2  libinit2.o(.ARM.Collect$$libinit$$00000031)
    .ARM.Collect$$libshutdown$$00000000      0x00000266   Section        2  libshutdown.o(.ARM.Collect$$libshutdown$$00000000)
    .ARM.Collect$$libshutdown$$00000003      0x00000268   Section        0  libshutdown2.o(.ARM.Collect$$libshutdown$$00000003)
    .ARM.Collect$$libshutdown$$00000006      0x00000268   Section        0  libshutdown2.o(.ARM.Collect$$libshutdown$$00000006)
    .ARM.Collect$$libshutdown$$00000009      0x00000268   Section        0  libshutdown2.o(.ARM.Collect$$libshutdown$$00000009)
    .ARM.Collect$$libshutdown$$0000000B      0x00000268   Section        0  libshutdown2.o(.ARM.Collect$$libshutdown$$0000000B)
    .ARM.Collect$$libshutdown$$0000000E      0x00000268   Section        0  libshutdown2.o(.ARM.Collect$$libshutdown$$0000000E)
    .ARM.Collect$$libshutdown$$0000000F      0x00000268   Section        2  libshutdown2.o(.ARM.Collect$$libshutdown$$0000000F)
    .ARM.Collect$$rtentry$$00000000          0x0000026a   Section        0  rtentry.o(.ARM.Collect$$rtentry$$00000000)
    .ARM.Collect$$rtentry$$00000002          0x0000026a   Section        0  rtentry2.o(.ARM.Collect$$rtentry$$00000002)
    .ARM.Collect$$rtentry$$00000004          0x0000026a   Section        6  rtentry4.o(.ARM.Collect$$rtentry$$00000004)
    .ARM.Collect$$rtentry$$00000009          0x00000270   Section        0  rtentry2.o(.ARM.Collect$$rtentry$$00000009)
    .ARM.Collect$$rtentry$$0000000A          0x00000270   Section        4  rtentry2.o(.ARM.Collect$$rtentry$$0000000A)
    .ARM.Collect$$rtentry$$0000000C          0x00000274   Section        0  rtentry2.o(.ARM.Collect$$rtentry$$0000000C)
    .ARM.Collect$$rtentry$$0000000D          0x00000274   Section        8  rtentry2.o(.ARM.Collect$$rtentry$$0000000D)
    .ARM.Collect$$rtexit$$00000000           0x0000027c   Section        2  rtexit.o(.ARM.Collect$$rtexit$$00000000)
    .ARM.Collect$$rtexit$$00000002           0x0000027e   Section        0  rtexit2.o(.ARM.Collect$$rtexit$$00000002)
    .ARM.Collect$$rtexit$$00000003           0x0000027e   Section        4  rtexit2.o(.ARM.Collect$$rtexit$$00000003)
    .ARM.Collect$$rtexit$$00000004           0x00000282   Section        6  rtexit2.o(.ARM.Collect$$rtexit$$00000004)
    .emb_text                                0x00000288   Section       56  rt_memcpy.o(.emb_text)
    .text                                    0x000002c0   Section       64  startup.o(.text)
    .text                                    0x00000300   Section        0  main.o(.text)
    .text                                    0x0000039c   Section        0  demo_apdu.o(.text)
    .text                                    0x00000834   Section        0  demo_subfunc.o(.text)
    .text                                    0x00000968   Section        0  ciu98428f_api_base_nonvm.o(.text)
    .text                                    0x00000cf0   Section        0  ciu98428f_api_nvm_stability.o(.text)
    .text                                    0x00000e8c   Section        0  c98c420n_api_des.o(.text)
    .text                                    0x000016e8   Section        0  memcmp.o(.text)
    .text                                    0x0000173e   Section        0  heapauxi.o(.text)
    .text                                    0x00001744   Section       62  sys_stackheap_outer.o(.text)
    .text                                    0x00001782   Section        0  exit.o(.text)
    .text                                    0x00001790   Section        8  libspace.o(.text)
    .text                                    0x00001798   Section        0  sys_exit.o(.text)
    .text                                    0x000017a4   Section        2  use_no_semi.o(.text)
    .text                                    0x000017a6   Section        0  indicate_semi.o(.text)
    SETSYSNVMMODE                            0x000017a8   Section       32  ciu98428f_nvm_stability.o(SETSYSNVMMODE)
    .constdata                               0x000017c8   Section      437  demo_apdu.o(.constdata)
    CMD_INSList                              0x000017c8   Data          56  demo_apdu.o(.constdata)
    .constdata                               0x0000197e   Section       30  demo_subfunc.o(.constdata)
    FD_table                                 0x0000197e   Data          30  demo_subfunc.o(.constdata)
    .data                                    0x20000000   Section       15  main.o(.data)
    .data                                    0x20000010   Section       12  ciu98428f_api_nvm_stability.o(.data)
    .bss                                     0x2000001c   Section      261  main.o(.bss)
    .bss                                     0x20000124   Section       96  libspace.o(.bss)
    HEAP                                     0x20000188   Section        0  startup.o(HEAP)
    STACK                                    0x20000188   Section     1536  startup.o(STACK)
    Heap_Mem                                 0x20000188   Data           0  startup.o(HEAP)
    Stack_Mem                                0x20000188   Data        1536  startup.o(STACK)
    __initial_sp                             0x20000788   Data           0  startup.o(STACK)

    Global Symbols

    Symbol Name                              Value     Ov Type        Size  Object(Section)

    BuildAttributes$$THM_ISAv3M$S$PE$A:L22$X:L11$S22$IEEE1$IW$USESV6$~STKCKD$USESV7$~SHL$OSPACE$ROPI$EBA8$UX$STANDARDLIB$REQ8$PRES8$EABIv2 0x00000000   Number         0  anon$$obj.o ABSOLUTE
    __ARM_use_no_argv                        0x00000000   Number         0  main.o ABSOLUTE
    __Vectors                                0x00000000   Data           4  startup.o(RESET)
    __ARM_exceptions_init                     - Undefined Weak Reference
    __alloca_initialize                       - Undefined Weak Reference
    __cpp_initialize__aeabi_                  - Undefined Weak Reference
    __cxa_finalize                            - Undefined Weak Reference
    __rt_locale                               - Undefined Weak Reference
    __sigvec_lookup                           - Undefined Weak Reference
    _atexit_init                              - Undefined Weak Reference
    _call_atexit_fns                          - Undefined Weak Reference
    _clock_init                               - Undefined Weak Reference
    _fp_trap_init                             - Undefined Weak Reference
    _fp_trap_shutdown                         - Undefined Weak Reference
    _get_lc_collate                           - Undefined Weak Reference
    _get_lc_ctype                             - Undefined Weak Reference
    _get_lc_monetary                          - Undefined Weak Reference
    _get_lc_numeric                           - Undefined Weak Reference
    _get_lc_time                              - Undefined Weak Reference
    _getenv_init                              - Undefined Weak Reference
    _handle_redirection                       - Undefined Weak Reference
    _init_alloc                               - Undefined Weak Reference
    _init_user_alloc                          - Undefined Weak Reference
    _initio                                   - Undefined Weak Reference
    _rand_init                                - Undefined Weak Reference
    _signal_finish                            - Undefined Weak Reference
    _signal_init                              - Undefined Weak Reference
    _terminate_alloc                          - Undefined Weak Reference
    _terminate_user_alloc                     - Undefined Weak Reference
    _terminateio                              - Undefined Weak Reference
    __Vectors_End                            0x00000070   Data           0  startup.o(RESET)
    __Vectors_Size                           0x00000070   Number         0  startup.o ABSOLUTE
    __main                                   0x00000201   Thumb Code     8  __main.o(!!!main)
    __scatterload                            0x00000209   Thumb Code     0  __scatter.o(!!!scatter)
    __scatterload_rt2                        0x00000209   Thumb Code    52  __scatter.o(!!!scatter)
    __scatterload_rt2_thumb_only             0x00000209   Thumb Code     0  __scatter.o(!!!scatter)
    __scatterload_null                       0x00000219   Thumb Code     0  __scatter.o(!!!scatter)
    __scatterload_copy                       0x00000245   Thumb Code    26  __scatter_copy.o(!!handler_copy)
    __rt_lib_init                            0x0000025f   Thumb Code     0  libinit.o(.ARM.Collect$$libinit$$00000000)
    __rt_lib_init_fp_1                       0x00000261   Thumb Code     0  libinit2.o(.ARM.Collect$$libinit$$00000001)
    __rt_lib_init_alloca_1                   0x00000265   Thumb Code     0  libinit2.o(.ARM.Collect$$libinit$$0000002C)
    __rt_lib_init_argv_1                     0x00000265   Thumb Code     0  libinit2.o(.ARM.Collect$$libinit$$0000002A)
    __rt_lib_init_atexit_1                   0x00000265   Thumb Code     0  libinit2.o(.ARM.Collect$$libinit$$00000019)
    __rt_lib_init_clock_1                    0x00000265   Thumb Code     0  libinit2.o(.ARM.Collect$$libinit$$0000001F)
    __rt_lib_init_cpp_1                      0x00000265   Thumb Code     0  libinit2.o(.ARM.Collect$$libinit$$00000030)
    __rt_lib_init_exceptions_1               0x00000265   Thumb Code     0  libinit2.o(.ARM.Collect$$libinit$$0000002E)
    __rt_lib_init_fp_trap_1                  0x00000265   Thumb Code     0  libinit2.o(.ARM.Collect$$libinit$$0000001D)
    __rt_lib_init_getenv_1                   0x00000265   Thumb Code     0  libinit2.o(.ARM.Collect$$libinit$$00000021)
    __rt_lib_init_heap_1                     0x00000265   Thumb Code     0  libinit2.o(.ARM.Collect$$libinit$$00000008)
    __rt_lib_init_lc_collate_1               0x00000265   Thumb Code     0  libinit2.o(.ARM.Collect$$libinit$$0000000F)
    __rt_lib_init_lc_ctype_1                 0x00000265   Thumb Code     0  libinit2.o(.ARM.Collect$$libinit$$00000011)
    __rt_lib_init_lc_monetary_1              0x00000265   Thumb Code     0  libinit2.o(.ARM.Collect$$libinit$$00000013)
    __rt_lib_init_lc_numeric_1               0x00000265   Thumb Code     0  libinit2.o(.ARM.Collect$$libinit$$00000015)
    __rt_lib_init_lc_time_1                  0x00000265   Thumb Code     0  libinit2.o(.ARM.Collect$$libinit$$00000017)
    __rt_lib_init_rand_1                     0x00000265   Thumb Code     0  libinit2.o(.ARM.Collect$$libinit$$0000000C)
    __rt_lib_init_return                     0x00000265   Thumb Code     0  libinit2.o(.ARM.Collect$$libinit$$00000031)
    __rt_lib_init_signal_1                   0x00000265   Thumb Code     0  libinit2.o(.ARM.Collect$$libinit$$0000001B)
    __rt_lib_init_stdio_1                    0x00000265   Thumb Code     0  libinit2.o(.ARM.Collect$$libinit$$00000023)
    __rt_lib_init_user_alloc_1               0x00000265   Thumb Code     0  libinit2.o(.ARM.Collect$$libinit$$0000000A)
    __rt_lib_shutdown                        0x00000267   Thumb Code     0  libshutdown.o(.ARM.Collect$$libshutdown$$00000000)
    __rt_lib_shutdown_fp_trap_1              0x00000269   Thumb Code     0  libshutdown2.o(.ARM.Collect$$libshutdown$$00000006)
    __rt_lib_shutdown_heap_1                 0x00000269   Thumb Code     0  libshutdown2.o(.ARM.Collect$$libshutdown$$0000000E)
    __rt_lib_shutdown_return                 0x00000269   Thumb Code     0  libshutdown2.o(.ARM.Collect$$libshutdown$$0000000F)
    __rt_lib_shutdown_signal_1               0x00000269   Thumb Code     0  libshutdown2.o(.ARM.Collect$$libshutdown$$00000009)
    __rt_lib_shutdown_stdio_1                0x00000269   Thumb Code     0  libshutdown2.o(.ARM.Collect$$libshutdown$$00000003)
    __rt_lib_shutdown_user_alloc_1           0x00000269   Thumb Code     0  libshutdown2.o(.ARM.Collect$$libshutdown$$0000000B)
    __rt_entry                               0x0000026b   Thumb Code     0  rtentry.o(.ARM.Collect$$rtentry$$00000000)
    __rt_entry_presh_1                       0x0000026b   Thumb Code     0  rtentry2.o(.ARM.Collect$$rtentry$$00000002)
    __rt_entry_sh                            0x0000026b   Thumb Code     0  rtentry4.o(.ARM.Collect$$rtentry$$00000004)
    __rt_entry_li                            0x00000271   Thumb Code     0  rtentry2.o(.ARM.Collect$$rtentry$$0000000A)
    __rt_entry_postsh_1                      0x00000271   Thumb Code     0  rtentry2.o(.ARM.Collect$$rtentry$$00000009)
    __rt_entry_main                          0x00000275   Thumb Code     0  rtentry2.o(.ARM.Collect$$rtentry$$0000000D)
    __rt_entry_postli_1                      0x00000275   Thumb Code     0  rtentry2.o(.ARM.Collect$$rtentry$$0000000C)
    __rt_exit                                0x0000027d   Thumb Code     0  rtexit.o(.ARM.Collect$$rtexit$$00000000)
    __rt_exit_ls                             0x0000027f   Thumb Code     0  rtexit2.o(.ARM.Collect$$rtexit$$00000003)
    __rt_exit_prels_1                        0x0000027f   Thumb Code     0  rtexit2.o(.ARM.Collect$$rtexit$$00000002)
    __rt_exit_exit                           0x00000283   Thumb Code     0  rtexit2.o(.ARM.Collect$$rtexit$$00000004)
    __aeabi_memcpy4                          0x00000289   Thumb Code    56  rt_memcpy.o(.emb_text)
    __aeabi_memcpy8                          0x00000289   Thumb Code     0  rt_memcpy.o(.emb_text)
    Reset_Handler                            0x000002c1   Thumb Code     4  startup.o(.text)
    NMI_Handler                              0x000002c5   Thumb Code     2  startup.o(.text)
    HardFault_Handler                        0x000002c7   Thumb Code     2  startup.o(.text)
    SVC_Handler                              0x000002c9   Thumb Code     2  startup.o(.text)
    PendSV_Handler                           0x000002cb   Thumb Code     2  startup.o(.text)
    SysTick_Handler                          0x000002cd   Thumb Code     2  startup.o(.text)
    Timer0_IRQHandler                        0x000002cf   Thumb Code     2  startup.o(.text)
    Timer1_IRQHandler                        0x000002d1   Thumb Code     2  startup.o(.text)
    WDT_IRQHandler                           0x000002d3   Thumb Code     2  startup.o(.text)
    EEPROM_IRQHandler                        0x000002d5   Thumb Code     2  startup.o(.text)
    NVMError_IRQHandler                      0x000002d7   Thumb Code     2  startup.o(.text)
    GPIO_IRQHandler                          0x000002d9   Thumb Code     2  startup.o(.text)
    RNG1_IRQHandler                          0x000002db   Thumb Code     2  startup.o(.text)
    SCIRST_IRQHandler                        0x000002dd   Thumb Code     2  startup.o(.text)
    SCISend_IRQHandler                       0x000002df   Thumb Code     2  startup.o(.text)
    SCIReceive_IRQHandler                    0x000002e1   Thumb Code     2  startup.o(.text)
    SCIBufOverFlow_IRQHandler                0x000002e3   Thumb Code     2  startup.o(.text)
    __user_initial_stackheap                 0x000002e5   Thumb Code     0  startup.o(.text)
    main                                     0x00000301   Thumb Code   122  main.o(.text)
    Get_APDUResp                             0x0000039d   Thumb Code    40  demo_apdu.o(.text)
    cmd_INSError                             0x000003c5   Thumb Code    10  demo_apdu.o(.text)
    DemoCos_APDU_Dispatch                    0x000003cf   Thumb Code    62  demo_apdu.o(.text)
    cmd_Symmetry_ALG                         0x0000040d   Thumb Code   342  demo_apdu.o(.text)
    cmd_CRC_Calculate                        0x00000563   Thumb Code   168  demo_apdu.o(.text)
    cmd_GET_INFO                             0x0000060b   Thumb Code    96  demo_apdu.o(.text)
    cmd_NVM_Erase                            0x0000066b   Thumb Code   106  demo_apdu.o(.text)
    cmd_NVM_Write                            0x000006d5   Thumb Code   274  demo_apdu.o(.text)
    cmd_Loader_Resume                        0x000007e7   Thumb Code    72  demo_apdu.o(.text)
    openSend60                               0x00000835   Thumb Code    14  demo_subfunc.o(.text)
    closeSend60                              0x00000843   Thumb Code    26  demo_subfunc.o(.text)
    DemoCos_DelayNETU                        0x0000085d   Thumb Code    34  demo_subfunc.o(.text)
    DEMOCOS_PPS                              0x0000087f   Thumb Code   202  demo_subfunc.o(.text)
    DemoCos_SendINS                          0x00000949   Thumb Code    14  demo_subfunc.o(.text)
    HED_T0_SendNBytes                        0x00000969   Thumb Code   124  ciu98428f_api_base_nonvm.o(.text)
    HED_T0_ReceiveNBytesRam                  0x000009e5   Thumb Code    44  ciu98428f_api_base_nonvm.o(.text)
    HED_CRC16                                0x00000a11   Thumb Code   172  ciu98428f_api_base_nonvm.o(.text)
    HED_GetChipInfo                          0x00000abd   Thumb Code    22  ciu98428f_api_base_nonvm.o(.text)
    HED_GetChipId                            0x00000ad3   Thumb Code   250  ciu98428f_api_base_nonvm.o(.text)
    HED_GetFactoryCode                       0x00000bcd   Thumb Code    18  ciu98428f_api_base_nonvm.o(.text)
    HED_GetRandom                            0x00000bdf   Thumb Code   182  ciu98428f_api_base_nonvm.o(.text)
    HED_SetToStandby                         0x00000c95   Thumb Code    70  ciu98428f_api_base_nonvm.o(.text)
    closeWrSwitch                            0x00000cf1   Thumb Code    16  ciu98428f_api_nvm_stability.o(.text)
    openWrSwitch                             0x00000d01   Thumb Code    20  ciu98428f_api_nvm_stability.o(.text)
    chkWrSwitch                              0x00000d15   Thumb Code    38  ciu98428f_api_nvm_stability.o(.text)
    wr_SDPKey                                0x00000d3b   Thumb Code    16  ciu98428f_api_nvm_stability.o(.text)
    HED_FlashErasePage_St                    0x00000d4b   Thumb Code    56  ciu98428f_api_nvm_stability.o(.text)
    HED_FlashErasePageNoChk_St               0x00000d83   Thumb Code    30  ciu98428f_api_nvm_stability.o(.text)
    HED_FlashEraseSectorNoChk_St             0x00000da1   Thumb Code    32  ciu98428f_api_nvm_stability.o(.text)
    FlashWriteNWord_St                       0x00000dc1   Thumb Code    76  ciu98428f_api_nvm_stability.o(.text)
    HED_FlashWritePage_St                    0x00000e0d   Thumb Code    58  ciu98428f_api_nvm_stability.o(.text)
    HED_FlashWriteWord_St                    0x00000e47   Thumb Code    40  ciu98428f_api_nvm_stability.o(.text)
    getRnd                                   0x00000e8d   Thumb Code    20  c98c420n_api_des.o(.text)
    timeDelay                                0x00000ea1   Thumb Code    24  c98c420n_api_des.o(.text)
    cleanDESSFR                              0x00000eb9   Thumb Code    32  c98c420n_api_des.o(.text)
    HED_DESBlock                             0x00000ed9   Thumb Code   990  c98c420n_api_des.o(.text)
    HED_DES3Block                            0x000012b7   Thumb Code  1064  c98c420n_api_des.o(.text)
    memcmp                                   0x000016e9   Thumb Code    86  memcmp.o(.text)
    __use_two_region_memory                  0x0000173f   Thumb Code     2  heapauxi.o(.text)
    __rt_heap_escrow$2region                 0x00001741   Thumb Code     2  heapauxi.o(.text)
    __rt_heap_expand$2region                 0x00001743   Thumb Code     2  heapauxi.o(.text)
    __user_setup_stackheap                   0x00001745   Thumb Code    62  sys_stackheap_outer.o(.text)
    exit                                     0x00001783   Thumb Code    12  exit.o(.text)
    __user_libspace                          0x00001791   Thumb Code     8  libspace.o(.text)
    __user_perproc_libspace                  0x00001791   Thumb Code     0  libspace.o(.text)
    __user_perthread_libspace                0x00001791   Thumb Code     0  libspace.o(.text)
    _sys_exit                                0x00001799   Thumb Code     8  sys_exit.o(.text)
    __I$use$semihosting                      0x000017a5   Thumb Code     0  use_no_semi.o(.text)
    __use_no_semihosting_swi                 0x000017a5   Thumb Code     2  use_no_semi.o(.text)
    __semihosting_library_function           0x000017a7   Thumb Code     0  indicate_semi.o(.text)
    setWrMode                                0x000017a9   Thumb Code     0  ciu98428f_nvm_stability.o(SETSYSNVMMODE)
    Region$$Table$$Base                      0x0000199c   Number         0  anon$$obj.o(Region$$Table)
    Region$$Table$$Limit                     0x000019ac   Number         0  anon$$obj.o(Region$$Table)
    G_ATR                                    0x20000000   Data          10  main.o(.data)
    G_SendLen                                0x2000000a   Data           2  main.o(.data)
    G_SW1SW2                                 0x2000000c   Data           2  main.o(.data)
    G_FiDi                                   0x2000000e   Data           1  main.o(.data)
    G_fCData1                                0x20000010   Data           4  ciu98428f_api_nvm_stability.o(.data)
    G_fCData2                                0x20000014   Data           4  ciu98428f_api_nvm_stability.o(.data)
    G_fCData3                                0x20000018   Data           4  ciu98428f_api_nvm_stability.o(.data)
    G_APDUBuf                                0x2000001c   Data         261  main.o(.bss)
    __libspace_start                         0x20000124   Data          96  libspace.o(.bss)
    __temporary_stack_top$libspace           0x20000184   Data           0  libspace.o(.bss)



==============================================================================

Memory Map of the image

  Image Entry point : 0x00000201

  Load Region LR_IROM1 (Base: 0x00000000, Size: 0x000019c8, Max: 0x00069000, ABSOLUTE)

    Execution Region ER_IROM1 (Base: 0x00000000, Size: 0x000019ac, Max: 0x00069000, ABSOLUTE)

    Base Addr    Size         Type   Attr      Idx    E Section Name        Object

    0x00000000   0x00000200   Data   RO            3    RESET               startup.o
    0x00000200   0x00000008   Code   RO          139  * !!!main             c_p.b(__main.o)
    0x00000208   0x0000003c   Code   RO          295    !!!scatter          c_p.b(__scatter.o)
    0x00000244   0x0000001a   Code   RO          297    !!handler_copy      c_p.b(__scatter_copy.o)
    0x0000025e   0x00000002   Code   RO          167    .ARM.Collect$$libinit$$00000000  c_p.b(libinit.o)
    0x00000260   0x00000004   Code   RO          174    .ARM.Collect$$libinit$$00000001  c_p.b(libinit2.o)
    0x00000264   0x00000000   Code   RO          178    .ARM.Collect$$libinit$$00000008  c_p.b(libinit2.o)
    0x00000264   0x00000000   Code   RO          180    .ARM.Collect$$libinit$$0000000A  c_p.b(libinit2.o)
    0x00000264   0x00000000   Code   RO          182    .ARM.Collect$$libinit$$0000000C  c_p.b(libinit2.o)
    0x00000264   0x00000000   Code   RO          185    .ARM.Collect$$libinit$$0000000F  c_p.b(libinit2.o)
    0x00000264   0x00000000   Code   RO          187    .ARM.Collect$$libinit$$00000011  c_p.b(libinit2.o)
    0x00000264   0x00000000   Code   RO          189    .ARM.Collect$$libinit$$00000013  c_p.b(libinit2.o)
    0x00000264   0x00000000   Code   RO          191    .ARM.Collect$$libinit$$00000015  c_p.b(libinit2.o)
    0x00000264   0x00000000   Code   RO          193    .ARM.Collect$$libinit$$00000017  c_p.b(libinit2.o)
    0x00000264   0x00000000   Code   RO          195    .ARM.Collect$$libinit$$00000019  c_p.b(libinit2.o)
    0x00000264   0x00000000   Code   RO          197    .ARM.Collect$$libinit$$0000001B  c_p.b(libinit2.o)
    0x00000264   0x00000000   Code   RO          199    .ARM.Collect$$libinit$$0000001D  c_p.b(libinit2.o)
    0x00000264   0x00000000   Code   RO          201    .ARM.Collect$$libinit$$0000001F  c_p.b(libinit2.o)
    0x00000264   0x00000000   Code   RO          203    .ARM.Collect$$libinit$$00000021  c_p.b(libinit2.o)
    0x00000264   0x00000000   Code   RO          205    .ARM.Collect$$libinit$$00000023  c_p.b(libinit2.o)
    0x00000264   0x00000000   Code   RO          209    .ARM.Collect$$libinit$$0000002A  c_p.b(libinit2.o)
    0x00000264   0x00000000   Code   RO          211    .ARM.Collect$$libinit$$0000002C  c_p.b(libinit2.o)
    0x00000264   0x00000000   Code   RO          213    .ARM.Collect$$libinit$$0000002E  c_p.b(libinit2.o)
    0x00000264   0x00000000   Code   RO          215    .ARM.Collect$$libinit$$00000030  c_p.b(libinit2.o)
    0x00000264   0x00000002   Code   RO          216    .ARM.Collect$$libinit$$00000031  c_p.b(libinit2.o)
    0x00000266   0x00000002   Code   RO          236    .ARM.Collect$$libshutdown$$00000000  c_p.b(libshutdown.o)
    0x00000268   0x00000000   Code   RO          250    .ARM.Collect$$libshutdown$$00000003  c_p.b(libshutdown2.o)
    0x00000268   0x00000000   Code   RO          253    .ARM.Collect$$libshutdown$$00000006  c_p.b(libshutdown2.o)
    0x00000268   0x00000000   Code   RO          256    .ARM.Collect$$libshutdown$$00000009  c_p.b(libshutdown2.o)
    0x00000268   0x00000000   Code   RO          258    .ARM.Collect$$libshutdown$$0000000B  c_p.b(libshutdown2.o)
    0x00000268   0x00000000   Code   RO          261    .ARM.Collect$$libshutdown$$0000000E  c_p.b(libshutdown2.o)
    0x00000268   0x00000002   Code   RO          262    .ARM.Collect$$libshutdown$$0000000F  c_p.b(libshutdown2.o)
    0x0000026a   0x00000000   Code   RO          141    .ARM.Collect$$rtentry$$00000000  c_p.b(rtentry.o)
    0x0000026a   0x00000000   Code   RO          143    .ARM.Collect$$rtentry$$00000002  c_p.b(rtentry2.o)
    0x0000026a   0x00000006   Code   RO          155    .ARM.Collect$$rtentry$$00000004  c_p.b(rtentry4.o)
    0x00000270   0x00000000   Code   RO          145    .ARM.Collect$$rtentry$$00000009  c_p.b(rtentry2.o)
    0x00000270   0x00000004   Code   RO          146    .ARM.Collect$$rtentry$$0000000A  c_p.b(rtentry2.o)
    0x00000274   0x00000000   Code   RO          148    .ARM.Collect$$rtentry$$0000000C  c_p.b(rtentry2.o)
    0x00000274   0x00000008   Code   RO          149    .ARM.Collect$$rtentry$$0000000D  c_p.b(rtentry2.o)
    0x0000027c   0x00000002   Code   RO          172    .ARM.Collect$$rtexit$$00000000  c_p.b(rtexit.o)
    0x0000027e   0x00000000   Code   RO          218    .ARM.Collect$$rtexit$$00000002  c_p.b(rtexit2.o)
    0x0000027e   0x00000004   Code   RO          219    .ARM.Collect$$rtexit$$00000003  c_p.b(rtexit2.o)
    0x00000282   0x00000006   Code   RO          220    .ARM.Collect$$rtexit$$00000004  c_p.b(rtexit2.o)
    0x00000288   0x00000038   Code   RO          133    .emb_text           c_p.b(rt_memcpy.o)
    0x000002c0   0x00000040   Code   RO            4    .text               startup.o
    0x00000300   0x0000009c   Code   RO           10    .text               main.o
    0x0000039c   0x00000498   Code   RO           58    .text               demo_apdu.o
    0x00000834   0x00000134   Code   RO           76    .text               demo_subfunc.o
    0x00000968   0x00000388   Code   RO           91    .text               ciu98428f_api_base_nonvm.o
    0x00000cf0   0x0000019c   Code   RO          109    .text               ciu98428f_api_nvm_stability.o
    0x00000e8c   0x0000085c   Code   RO          127    .text               CIU98428F_API_DES.lib(c98c420n_api_des.o)
    0x000016e8   0x00000056   Code   RO          131    .text               c_p.b(memcmp.o)
    0x0000173e   0x00000006   Code   RO          137    .text               c_p.b(heapauxi.o)
    0x00001744   0x0000003e   Code   RO          157    .text               c_p.b(sys_stackheap_outer.o)
    0x00001782   0x0000000c   Code   RO          160    .text               c_p.b(exit.o)
    0x0000178e   0x00000002   PAD
    0x00001790   0x00000008   Code   RO          168    .text               c_p.b(libspace.o)
    0x00001798   0x0000000c   Code   RO          228    .text               c_p.b(sys_exit.o)
    0x000017a4   0x00000002   Code   RO          239    .text               c_p.b(use_no_semi.o)
    0x000017a6   0x00000000   Code   RO          241    .text               c_p.b(indicate_semi.o)
    0x000017a6   0x00000002   PAD
    0x000017a8   0x00000020   Code   RO          124    SETSYSNVMMODE       ciu98428f_nvm_stability.o
    0x000017c8   0x000001b5   Data   RO           59    .constdata          demo_apdu.o
    0x0000197d   0x00000001   PAD
    0x0000197e   0x0000001e   Data   RO           77    .constdata          demo_subfunc.o
    0x0000199c   0x00000010   Data   RO          293    Region$$Table       anon$$obj.o


    Execution Region RW_IRAM1 (Base: 0x20000000, Size: 0x00000788, Max: 0x00002700, ABSOLUTE, UNINIT)

    Base Addr    Size         Type   Attr      Idx    E Section Name        Object

    0x20000000   0x0000000f   Data   RW           12    .data               main.o
    0x2000000f   0x00000001   PAD
    0x20000010   0x0000000c   Data   RW          110    .data               ciu98428f_api_nvm_stability.o
    0x2000001c   0x00000105   Zero   RW           11    .bss                main.o
    0x20000121   0x00000003   PAD
    0x20000124   0x00000060   Zero   RW          169    .bss                c_p.b(libspace.o)
    0x20000184   0x00000004   PAD
    0x20000188   0x00000000   Zero   RW            2    HEAP                startup.o
    0x20000188   0x00000600   Zero   RW            1    STACK               startup.o


==============================================================================

Image component sizes


      Code (inc. data)   RO Data    RW Data    ZI Data      Debug   Object Name

       904         22          0          0          0       2934   ciu98428f_api_base_nonvm.o
       412         30          0         12          0       2704   ciu98428f_api_nvm_stability.o
        32          4          0          0          0        212   ciu98428f_nvm_stability.o
      1176         74        437          0          0       3912   demo_apdu.o
       308         18         30          0          0       1907   demo_subfunc.o
       156         34          0         15        261       4047   main.o
        64         18        512          0       1536       1000   startup.o

    ----------------------------------------------------------------------
      3052        200        996         28       1800      16716   Object Totals
         0          0         16          0          0          0   (incl. Generated)
         0          0          1          1          3          0   (incl. Padding)

    ----------------------------------------------------------------------

      Code (inc. data)   RO Data    RW Data    ZI Data      Debug   Library Member Name

      2140         72          0          0          0        260   c98c420n_api_des.o
         8          0          0          0          0         68   __main.o
        60          8          0          0          0          0   __scatter.o
        26          0          0          0          0          0   __scatter_copy.o
        12          0          0          0          0         64   exit.o
         6          0          0          0          0        136   heapauxi.o
         0          0          0          0          0          0   indicate_semi.o
         2          0          0          0          0          0   libinit.o
         6          0          0          0          0          0   libinit2.o
         2          0          0          0          0          0   libshutdown.o
         2          0          0          0          0          0   libshutdown2.o
         8          4          0          0         96         68   libspace.o
        86          0          0          0          0         68   memcmp.o
        56          0          0          0          0         68   rt_memcpy.o
         0          0          0          0          0          0   rtentry.o
        12          0          0          0          0          0   rtentry2.o
         6          0          0          0          0          0   rtentry4.o
         2          0          0          0          0          0   rtexit.o
        10          0          0          0          0          0   rtexit2.o
        12          4          0          0          0         60   sys_exit.o
        62          0          0          0          0         80   sys_stackheap_outer.o
         2          0          0          0          0         68   use_no_semi.o

    ----------------------------------------------------------------------
      2524         88          0          0        100        940   Library Totals
         4          0          0          0          4          0   (incl. Padding)

    ----------------------------------------------------------------------

      Code (inc. data)   RO Data    RW Data    ZI Data      Debug   Library Name

      2140         72          0          0          0        260   CIU98428F_API_DES.lib
       380         16          0          0         96        680   c_p.b

    ----------------------------------------------------------------------
      2524         88          0          0        100        940   Library Totals

    ----------------------------------------------------------------------

==============================================================================


      Code (inc. data)   RO Data    RW Data    ZI Data      Debug   

      5576        288        996         28       1900      16824   Grand Totals
      5576        288        996         28       1900      16824   ELF Image Totals
      5576        288        996         28          0          0   ROM Totals

==============================================================================

    Total RO  Size (Code + RO Data)                 6572 (   6.42kB)
    Total RW  Size (RW Data + ZI Data)              1928 (   1.88kB)
    Total ROM Size (Code + RO Data + RW Data)       6600 (   6.45kB)

==============================================================================

