<html>
<body>
<pre>
<h1>礦ision Build Log</h1>
<h2>Project:</h2>
E:\项目SVN\C98C420N\trunk\doc\产品资料\CIU98428F_DemoCOS\CIU98428F_DemoCOS.uvproj
Project File Date:  12/29/2014

<h2>Output:</h2>
Rebuild target 'CIU98428F_DemoCOS'
assembling startup.s...
compiling main.c...
SRC\../inc/declare.h(21): error:  #5: cannot open source input file "C98C420N_SFR_C.h": No such file or directory
compiling DEMO_APDU.c...
SRC\../inc/declare.h(21): error:  #5: cannot open source input file "C98C420N_SFR_C.h": No such file or directory
compiling DEMO_SubFunc.c...
SRC\../inc/declare.h(21): error:  #5: cannot open source input file "C98C420N_SFR_C.h": No such file or directory
compiling CIU98428F_API_Base_NoNVM.c...
compiling CIU98428F_API_NVM_STABILITY.c...
assembling CIU98428F_NVM_stability.s...
Target not created
Rebuild target 'CIU98428F_DemoCOS'
assembling startup.s...
compiling main.c...
compiling DEMO_APDU.c...
compiling DEMO_SubFunc.c...
SRC\DEMO_SubFunc.c(149): error:  #20: identifier "SYSINFST" is undefined
compiling CIU98428F_API_Base_NoNVM.c...
compiling CIU98428F_API_NVM_STABILITY.c...
assembling CIU98428F_NVM_stability.s...
Target not created
Rebuild target 'CIU98428F_DemoCOS'
assembling startup.s...
compiling main.c...
compiling DEMO_APDU.c...
compiling DEMO_SubFunc.c...
compiling CIU98428F_API_Base_NoNVM.c...
compiling CIU98428F_API_NVM_STABILITY.c...
assembling CIU98428F_NVM_stability.s...
linking...
Program Size: Code=5544 RO-data=996 RW-data=28 ZI-data=1900  
FromELF: creating hex file...
".\obj\CIU98428F_DemoCOS.axf" - 0 Error(s), 0 Warning(s).
