<html>
<body>
<pre>
<h1>µVision Build Log</h1>
<h2>Project:</h2>
E:\Huada-test\CIU98428F V1.0 - en\programming files\CIU98428F_DemoCOS\CIU98428F_DemoCOS.uvproj
Project File Date:  09/29/2022

<h2>Output:</h2>
Rebuild target 'CIU98428F_DemoCOS'
assembling startup.s...
compiling main.c...
compiling DEMO_APDU.c...
compiling DEMO_SubFunc.c...
compiling CIU98428F_API_Base_NoNVM.c...
compiling CIU98428F_API_NVM_STABILITY.c...
assembling CIU98428F_NVM_stability.s...
linking...
Program Size: Code=5576 RO-data=996 RW-data=28 ZI-data=1900  
FromELF: creating hex file...
".\obj\CIU98428F_DemoCOS.axf" - 0 Error(s), 0 Warning(s).
Load "E:\\Huada-test\\CIU98428F V1.0 - en\\programming files\\CIU98428F_DemoCOS\\obj\\CIU98428F_DemoCOS.axf" 
Full Chip Erase Done.
Programming Done.
Verify OK.
Application running...
</pre>
</body>
</html>
