<html>
<body>
<pre>
<h1>µVision Build Log</h1>
<h2>Project:</h2>
E:\github\SchedulerOS\Lesson008\lesson008.uvproj
Project File Date:  10/31/2022

<h2>Output:</h2>
Rebuild target 'Target 1'
compiling main.c...
assembling CIU98428F_Startup.s...
linking...
Program Size: Code=280 RO-data=112 RW-data=0 ZI-data=5216  
FromELF: creating hex file...
".\lesson008.axf" - 0 Error(s), 0 Warning(s).
Load "E:\\github\\SchedulerOS\\Lesson008\\lesson008.axf" 
Full Chip Erase Done.
Programming Done.
Verify OK.
Application running...
</pre>
</body>
</html>
hedulerOS\\Lesson008\\lesson008.axf" 
Full Chip Erase Done.
Programming Done.
Verify OK.
Application running...
get not created
is undefined
                                result2=TIMERVALUE;
main.c: 0 warnings, 5 errors
".\lesson008.axf" - 5 Error(s), 0 Warning(s).
Target not created
