<html>
<body>
<pre>
<h1>µVision Build Log</h1>
<h2>Project:</h2>
E:\github\SchedulerOS\Lesson009\lesson009.uvproj
Project File Date:  12/02/2022

<h2>Output:</h2>
Rebuild target 'Target 1'
compiling main.c...
assembling CIU98M25_Startup.s...
linking...
Program Size: Code=252 RO-data=128 RW-data=0 ZI-data=5216  
FromELF: creating hex file...
".\lesson009.axf" - 0 Error(s), 0 Warning(s).
</pre>
</body>
</html>
er - give arg types
  void Timer0_IRQHandler();         // 0: Default
main.c(5): warning:  #1295-D: Deprecated declaration Timer1_IRQHandler - give arg types
  void Timer1_IRQHandler();         // 
main.c: 3 warnings, 0 errors
assembling CIU98M25_Startup.s...
linking...
Program Size: Code=248 RO-data=128 RW-data=0 ZI-data=5216  
FromELF: creating hex file...
".\lesson009.axf" - 0 Error(s), 3 Warning(s).
